// Jest Snapshot v1, https://goo.gl/fbAQLP

exports[`returns data 1`] = `
{
  "id": 100,
  "name": "+6 Versatility",
}
`;
