// Jest Snapshot v1, https://goo.gl/fbAQLP

exports[`returns data 1`] = `
[
  {
    "id": 1,
    "name": "Alliance",
  },
  {
    "id": 2,
    "name": "Horde",
  },
]
`;
