// Jest Snapshot v1, https://goo.gl/fbAQLP

exports[`returns data 1`] = `
{
  "icon": "inv_misc_bag_07_red.jpg",
  "id": 109076,
  "name": "Goblin Glider Kit",
}
`;
