// Jest Snapshot v1, https://goo.gl/fbAQLP

exports[`returns data 1`] = `
Object {
  "id": 56133,
  "name": "Chen Stormstout",
}
`;
